// Jest Snapshot v1, https://goo.gl/fbAQLP

exports[`MoviePoster should match snapshot 1`] = `ShallowWrapper {}`;
